BL51 BANKED LINKER/LOCATER V6.22                                                        08/06/2014  15:11:58  PAGE 1


BL51 BANKED LINKER/LOCATER V6.22, INVOKED BY:
C:\PROGRAM FILES (X86)\KEIL_5_00\C51\BIN\BL51.EXE STARTUP.obj, test.obj TO test RAMSIZE (256)


MEMORY MODEL: SMALL


INPUT MODULES INCLUDED:
  STARTUP.obj (?C_STARTUP)
  test.obj (TEST)


LINK MAP OF MODULE:  test (?C_STARTUP)


            TYPE    BASE      LENGTH    RELOCATION   SEGMENT NAME
            -----------------------------------------------------

            * * * * * * *   D A T A   M E M O R Y   * * * * * * *
            REG     0000H     0008H     ABSOLUTE     "REG BANK 0"
            DATA    0008H     0003H     UNIT         ?DT?TEST
            IDATA   000BH     0001H     UNIT         ?STACK

            * * * * * * *  X D A T A   M E M O R Y  * * * * * * *
                    0000H     2000H                  *** GAP ***
            XDATA   2000H     0020H     ABSOLUTE     
            XDATA   2020H     0010H     ABSOLUTE     
                    2030H     0010H                  *** GAP ***
            XDATA   2040H     0010H     ABSOLUTE     
                    2050H     0010H                  *** GAP ***
            XDATA   2060H     0010H     ABSOLUTE     
                    2070H     0010H                  *** GAP ***
            XDATA   2080H     000FH     ABSOLUTE     
                    208FH     0071H                  *** GAP ***
            XDATA   2100H     0010H     ABSOLUTE     
                    2110H     00F0H                  *** GAP ***
            XDATA   2200H     0008H     ABSOLUTE     

            * * * * * * *   C O D E   M E M O R Y   * * * * * * *
            CODE    0000H     0003H     ABSOLUTE     
            CODE    0003H     0003H     ABSOLUTE     
                    0006H     0005H                  *** GAP ***
            CODE    000BH     0003H     ABSOLUTE     
            CODE    000EH     0067H     UNIT         ?PR?ISR_TC0?TEST
            CODE    0075H     005EH     UNIT         ?PR?ISR_EX0?TEST
            CODE    00D3H     004CH     UNIT         ?PR?MAIN?TEST
            CODE    011FH     000CH     UNIT         ?C_C51STARTUP



OVERLAY MAP OF MODULE:   test (?C_STARTUP)


SEGMENT
  +--> CALLED SEGMENT
---------------------
?C_C51STARTUP
  +--> ?PR?MAIN?TEST
BL51 BANKED LINKER/LOCATER V6.22                                                      08/06/2014  15:11:58  PAGE 2





SYMBOL TABLE OF MODULE:  test (?C_STARTUP)

  VALUE           TYPE          NAME
  ----------------------------------

  -------         MODULE        ?C_STARTUP
  C:011FH         SEGMENT       ?C_C51STARTUP
  I:000BH         SEGMENT       ?STACK
  C:0000H         PUBLIC        ?C_STARTUP
  D:00E0H         SYMBOL        ACC
  D:00F0H         SYMBOL        B
  D:0083H         SYMBOL        DPH
  D:0082H         SYMBOL        DPL
  N:0000H         SYMBOL        IBPSTACK
  N:0100H         SYMBOL        IBPSTACKTOP
  N:0080H         SYMBOL        IDATALEN
  C:0122H         SYMBOL        IDATALOOP
  N:0000H         SYMBOL        PBPSTACK
  N:0100H         SYMBOL        PBPSTACKTOP
  N:0000H         SYMBOL        PDATALEN
  N:0000H         SYMBOL        PDATASTART
  N:0000H         SYMBOL        PPAGE
  N:0000H         SYMBOL        PPAGEENABLE
  D:00A0H         SYMBOL        PPAGE_SFR
  D:0081H         SYMBOL        SP
  C:011FH         SYMBOL        STARTUP1
  N:0000H         SYMBOL        XBPSTACK
  N:0000H         SYMBOL        XBPSTACKTOP
  N:0000H         SYMBOL        XDATALEN
  N:0000H         SYMBOL        XDATASTART
  C:0000H         LINE#         126
  C:011FH         LINE#         133
  C:0121H         LINE#         134
  C:0122H         LINE#         135
  C:0123H         LINE#         136
  C:0125H         LINE#         185
  C:0128H         LINE#         196
  -------         ENDMOD        ?C_STARTUP

  -------         MODULE        TEST
  C:0000H         SYMBOL        _ICE_DUMMY_
  B:00A8H.7       PUBLIC        EA
  X:2200H         PUBLIC        fpga_pu_reg
  X:2020H         PUBLIC        data_rx_tas
  X:2000H         PUBLIC        data_tx_tas
  B:0090H.4       PUBLIC        P1_4
  B:0098H.0       PUBLIC        RI
  B:0098H.1       PUBLIC        TI
  X:2060H         PUBLIC        data_rx_bv
  D:00CBH         PUBLIC        RCAP2H
  X:2040H         PUBLIC        data_tx_bv
  D:00CAH         PUBLIC        RCAP2L
  C:00D3H         PUBLIC        main
  D:0098H         PUBLIC        SCON
BL51 BANKED LINKER/LOCATER V6.22                                                      08/06/2014  15:11:58  PAGE 3


  D:0089H         PUBLIC        TMOD
  C:000EH         PUBLIC        isr_tc0
  C:0075H         PUBLIC        isr_ex0
  D:0008H         PUBLIC        cnt
  B:00A8H.1       PUBLIC        ET0
  D:008CH         PUBLIC        TH0
  D:0009H         PUBLIC        dac_cnt
  D:008AH         PUBLIC        TL0
  B:0088H.4       PUBLIC        TR0
  X:2100H         PUBLIC        fpga_cntr_reg
  X:2080H         PUBLIC        ram_reg
  D:00C9H         PUBLIC        T2MOD
  D:00C8H         PUBLIC        T2CON
  -------         PROC          ISR_EX0
  -------         DO            
  D:0007H         SYMBOL        flags
  D:0007H         SYMBOL        i
  D:0007H         SYMBOL        buff
  -------         ENDDO         
  C:0075H         LINE#         75
  C:0086H         LINE#         79
  C:008AH         LINE#         81
  C:008DH         LINE#         82
  C:008DH         LINE#         84
  C:0094H         LINE#         85
  C:0096H         LINE#         86
  C:0096H         LINE#         88
  C:00B1H         LINE#         89
  C:00B1H         LINE#         90
  C:00B1H         LINE#         91
  C:00B1H         LINE#         92
  C:00B5H         LINE#         93
  C:00B8H         LINE#         94
  C:00B8H         LINE#         95
  C:00BDH         LINE#         96
  C:00C0H         LINE#         97
  C:00C2H         LINE#         98
  C:00C2H         LINE#         99
  C:00C4H         LINE#         100
  C:00C4H         LINE#         101
  -------         ENDPROC       ISR_EX0
  -------         PROC          ISR_TC0
  -------         DO            
  D:0006H         SYMBOL        dac_buff
  D:0007H         SYMBOL        buff
  -------         ENDDO         
  C:000EH         LINE#         103
  C:001FH         LINE#         108
  C:0022H         LINE#         109
  C:0025H         LINE#         111
  C:002AH         LINE#         112
  C:002AH         LINE#         113
  C:002DH         LINE#         115
  C:0032H         LINE#         116
  C:0035H         LINE#         117
  C:0037H         LINE#         119
  C:003DH         LINE#         120
BL51 BANKED LINKER/LOCATER V6.22                                                      08/06/2014  15:11:58  PAGE 4


  C:003FH         LINE#         122
  C:003FH         LINE#         123
  C:0041H         LINE#         124
  C:0041H         LINE#         127
  C:0051H         LINE#         128
  C:0056H         LINE#         129
  C:0058H         LINE#         130
  C:005BH         LINE#         132
  C:0066H         LINE#         160
  -------         ENDPROC       ISR_TC0
  -------         PROC          MAIN
  -------         DO            
  D:0006H         SYMBOL        i
  -------         ENDDO         
  C:00D3H         LINE#         162
  C:00D3H         LINE#         163
  C:00D3H         LINE#         179
  C:00D8H         LINE#         181
  C:00DAH         LINE#         185
  C:00DDH         LINE#         186
  C:00E0H         LINE#         187
  C:00E3H         LINE#         189
  C:00E5H         LINE#         190
  C:00E7H         LINE#         203
  C:00EAH         LINE#         204
  C:00EDH         LINE#         205
  C:00F0H         LINE#         206
  C:00F2H         LINE#         207
  C:00F4H         LINE#         208
  C:00F6H         LINE#         211
  C:00F9H         LINE#         225
  C:00FBH         LINE#         234
  C:00FDH         LINE#         236
  C:0100H         LINE#         237
  C:0100H         LINE#         238
  C:010CH         LINE#         239
  C:0117H         LINE#         240
  C:011DH         LINE#         242
  -------         ENDPROC       MAIN
  -------         ENDMOD        TEST

Program Size: data=12.0 xdata=119 code=294
LINK/LOCATE RUN COMPLETE.  0 WARNING(S),  0 ERROR(S)
